Archive member included because of file (symbol)

contiki-odin5438A.a(serial-line.o)
                              boot-pub-manager.co (serial_line_input_byte)
contiki-odin5438A.a(ringbuf.o)
                              contiki-odin5438A.a(serial-line.o) (ringbuf_init)
contiki-odin5438A.a(uart1x.o)
                              boot-pub-manager.co (uart1_set_input)
contiki-odin5438A.a(cc11xx.o)
                              obj_odin5438A/contiki-odin5438A-main.o (cc11xx_driver)
contiki-odin5438A.a(cc1120-msp-arch)
                              contiki-odin5438A.a(cc11xx.o) (cc1120_arch_spi_enable)
contiki-odin5438A.a(node-id.o)
                              obj_odin5438A/contiki-odin5438A-main.o (node_mac)
contiki-odin5438A.a(rtc-clock.o)
                              obj_odin5438A/contiki-odin5438A-main.o (rtc_initCounter)
contiki-odin5438A.a(adc.o)    obj_odin5438A/contiki-odin5438A-main.o (adc_get_random_seed)
contiki-odin5438A.a(rimeaddr.o)
                              contiki-odin5438A.a(cc11xx.o) (rimeaddr_cmp)
contiki-odin5438A.a(frame802154.o)
                              contiki-odin5438A.a(cc11xx.o) (frame802154_parse)
contiki-odin5438A.a(nullrdc.o)
                              contiki-odin5438A.a(cc11xx.o) (nullrdc_driver)
contiki-odin5438A.a(mac.o)    contiki-odin5438A.a(nullrdc.o) (mac_call_sent_callback)
contiki-odin5438A.a(framer-802154.o)
                              contiki-odin5438A.a(nullrdc.o) (framer_802154)
contiki-odin5438A.a(csma.o)   contiki-odin5438A.a(nullrdc.o) (csma_driver)
contiki-odin5438A.a(process.o)
                              contiki-odin5438A.a(serial-line.o) (process_current)
contiki-odin5438A.a(autostart.o)
                              obj_odin5438A/contiki-odin5438A-main.o (autostart_start)
contiki-odin5438A.a(memb.o)   contiki-odin5438A.a(csma.o) (memb_init)
contiki-odin5438A.a(timer.o)  contiki-odin5438A.a(cc11xx.o) (timer_set)
contiki-odin5438A.a(list.o)   contiki-odin5438A.a(csma.o) (list_init)
contiki-odin5438A.a(etimer.o)
                              obj_odin5438A/contiki-odin5438A-main.o (etimer_process)
contiki-odin5438A.a(ctimer.o)
                              obj_odin5438A/contiki-odin5438A-main.o (ctimer_init)
contiki-odin5438A.a(rtimer.o)
                              obj_odin5438A/contiki-odin5438A-main.o (rtimer_init)
contiki-odin5438A.a(random.o)
                              obj_odin5438A/contiki-odin5438A-main.o (random_init)
contiki-odin5438A.a(netstack.o)
                              obj_odin5438A/contiki-odin5438A-main.o (netstack_init)
contiki-odin5438A.a(packetbuf.o)
                              contiki-odin5438A.a(framer-802154.o) (packetbuf_hdrreduce)
contiki-odin5438A.a(queuebuf.o)
                              obj_odin5438A/contiki-odin5438A-main.o (queuebuf_init)
contiki-odin5438A.a(sicslowpan.o)
                              contiki-odin5438A.a(csma.o) (sicslowpan_driver)
contiki-odin5438A.a(tcpip.o)  contiki-odin5438A.a(sicslowpan.o) (tcpip_set_outputfunc)
contiki-odin5438A.a(uip-ds6-route.o)
                              contiki-odin5438A.a(tcpip.o) (uip_ds6_route_nexthop)
contiki-odin5438A.a(uip-ds6-nbr.o)
                              contiki-odin5438A.a(tcpip.o) (uip_ds6_nbr_add)
contiki-odin5438A.a(uip-ds6.o)
                              contiki-odin5438A.a(tcpip.o) (uip_ds6_is_addr_onlink)
contiki-odin5438A.a(uip-nd6.o)
                              contiki-odin5438A.a(tcpip.o) (uip_nd6_ns_output)
contiki-odin5438A.a(uip6.o)   contiki-odin5438A.a(tcpip.o) (uip_ext_len)
contiki-odin5438A.a(panatiki.o)
                              boot-pub-manager.co (panatiki_process)
contiki-odin5438A.a(state-machine.o)
                              contiki-odin5438A.a(panatiki.o) (check_pana_message)
contiki-odin5438A.a(eap-peer.o)
                              contiki-odin5438A.a(state-machine.o) (eap_peer_sm_step)
contiki-odin5438A.a(eap-psk.o)
                              contiki-odin5438A.a(eap-peer.o) (initMethodEap)
contiki-odin5438A.a(eax.o)    contiki-odin5438A.a(state-machine.o) (do_omac)
contiki-odin5438A.a(aes.o)    contiki-odin5438A.a(eap-psk.o) (aes_encrypt)
contiki-odin5438A.a(dtls.o)   boot-pub-manager.co (dtlsFinishedHandshake)
contiki-odin5438A.a(crypto.o)
                              contiki-odin5438A.a(dtls.o) (crypto_init)
contiki-odin5438A.a(hmac.o)   contiki-odin5438A.a(crypto.o) (dtls_hmac_storage_init)
contiki-odin5438A.a(rijndael.o)
                              contiki-odin5438A.a(crypto.o) (rijndael_set_key_enc_only)
contiki-odin5438A.a(sha2.o)   contiki-odin5438A.a(dtls.o) (SHA256_Init)
contiki-odin5438A.a(ccm.o)    contiki-odin5438A.a(crypto.o) (dtls_ccm_encrypt_message)
contiki-odin5438A.a(netq.o)   contiki-odin5438A.a(dtls.o) (netq_init)
contiki-odin5438A.a(ecc.o)    contiki-odin5438A.a(crypto.o) (ecc_ec_mult)
contiki-odin5438A.a(dtls_time.o)
                              contiki-odin5438A.a(dtls.o) (dtls_clock_init)
contiki-odin5438A.a(peer.o)   contiki-odin5438A.a(dtls.o) (peer_init)
[...]
Memory Configuration

Name             Origin             Length             Attributes
sfr              0x00000000         0x00000010
peripheral_8bit  0x00000010         0x000000f0
peripheral_16bit 0x00000100         0x00000100
bsl              0x00001000         0x00000800
infomem          0x00001800         0x00000200
infod            0x00001800         0x00000080
infoc            0x00001880         0x00000080
infob            0x00001900         0x00000080
infoa            0x00001980         0x00000080
ram              0x00001c00         0x00004000         xw
rom              0x00005c00         0x0000a380         xr
vectors          0x0000ff80         0x00000080
far_rom          0x00010000         0x00035c00
ram2             0x00000000         0x00000000         xw
ram_mirror       0x00000000         0x00000000         xw
signature        0x00000000         0x00000000
usbram           0x00000000         0x00000000         xw
*default*        0x00000000         0xffffffff

Linker script and memory map

LOAD /opt/mspgcc-4.7.2/lib/gcc/msp430/4.7.2/mcpu-430x/mmpy-16/msr20/mc20/md20/crt0ivtbl64.o
LOAD boot-pub-manager.co
LOAD obj_odin5438A/contiki-odin5438A-main.o
LOAD contiki-odin5438A.a
LOAD /opt/mspgcc-4.7.2/lib/gcc/msp430/4.7.2/mcpu-430x/mmpy-16/msr20/mc20/md20/libgcc.a
LOAD /opt/mspgcc-4.7.2/lib/gcc/msp430/4.7.2/../../../../msp430/lib/mcpu-430x/mmpy-16/msr20/mc20/md20/libc.a
LOAD /opt/mspgcc-4.7.2/lib/gcc/msp430/4.7.2/mcpu-430x/mmpy-16/msr20/mc20/md20/libgcc.a
LOAD /opt/mspgcc-4.7.2/lib/gcc/msp430/4.7.2/mcpu-430x/mmpy-16/msr20/mc20/md20/libcrt0.a
                0x00000080                PROVIDE (__info_segment_size, 0x80)
                0x00001800                PROVIDE (__infod, 0x1800)
                0x00001880                PROVIDE (__infoc, 0x1880)
                0x00001900                PROVIDE (__infob, 0x1900)
                0x00001980                PROVIDE (__infoa, 0x1980)
                0x00000700                __ADC12CTL0_L = 0x700
                0x00000701                __ADC12CTL0_H = 0x701
                0x00000700                __ADC12CTL0 = 0x700
                0x00000702                __ADC12CTL1_L = 0x702
                0x00000703                __ADC12CTL1_H = 0x703
                0x00000702                __ADC12CTL1 = 0x702
                0x00000704                __ADC12CTL2_L = 0x704
                0x00000705                __ADC12CTL2_H = 0x705
                0x00000704                __ADC12CTL2 = 0x704
                0x0000070a                __ADC12IFG_L = 0x70a
                0x0000070b                __ADC12IFG_H = 0x70b
                0x0000070a                __ADC12IFG = 0x70a
                0x0000070c                __ADC12IE_L = 0x70c
                0x0000070d                __ADC12IE_H = 0x70d
                0x0000070c                __ADC12IE = 0x70c
                0x0000070e                __ADC12IV_L = 0x70e
                0x0000070f                __ADC12IV_H = 0x70f
                0x0000070e                __ADC12IV = 0x70e
                0x00000720                __ADC12MEM0_L = 0x720
                0x00000721                __ADC12MEM0_H = 0x721
                0x00000720                __ADC12MEM0 = 0x720
                0x00000722                __ADC12MEM1_L = 0x722
                0x00000723                __ADC12MEM1_H = 0x723
                0x00000722                __ADC12MEM1 = 0x722
                0x00000724                __ADC12MEM2_L = 0x724
                0x00000725                __ADC12MEM2_H = 0x725
                0x00000724                __ADC12MEM2 = 0x724
                0x00000726                __ADC12MEM3_L = 0x726
                0x00000727                __ADC12MEM3_H = 0x727
                0x00000726                __ADC12MEM3 = 0x726
                0x00000728                __ADC12MEM4_L = 0x728
                0x00000729                __ADC12MEM4_H = 0x729
                0x00000728                __ADC12MEM4 = 0x728
                0x0000072a                __ADC12MEM5_L = 0x72a
                0x0000072b                __ADC12MEM5_H = 0x72b
                0x0000072a                __ADC12MEM5 = 0x72a
                0x0000072c                __ADC12MEM6_L = 0x72c
                0x0000072d                __ADC12MEM6_H = 0x72d
                0x0000072c                __ADC12MEM6 = 0x72c
                0x0000072e                __ADC12MEM7_L = 0x72e
                0x0000072f                __ADC12MEM7_H = 0x72f
                0x0000072e                __ADC12MEM7 = 0x72e
                0x00000730                __ADC12MEM8_L = 0x730
                0x00000731                __ADC12MEM8_H = 0x731
                0x00000730                __ADC12MEM8 = 0x730
                0x00000732                __ADC12MEM9_L = 0x732
                0x00000733                __ADC12MEM9_H = 0x733
                0x00000732                __ADC12MEM9 = 0x732
                0x00000734                __ADC12MEM10_L = 0x734
                0x00000735                __ADC12MEM10_H = 0x735
                0x00000734                __ADC12MEM10 = 0x734
                0x00000736                __ADC12MEM11_L = 0x736
                0x00000737                __ADC12MEM11_H = 0x737
                0x00000736                __ADC12MEM11 = 0x736
                0x00000738                __ADC12MEM12_L = 0x738
                0x00000739                __ADC12MEM12_H = 0x739
                0x00000738                __ADC12MEM12 = 0x738
                0x0000073a                __ADC12MEM13_L = 0x73a
                0x0000073b                __ADC12MEM13_H = 0x73b
                0x0000073a                __ADC12MEM13 = 0x73a
                0x0000073c                __ADC12MEM14_L = 0x73c
                0x0000073d                __ADC12MEM14_H = 0x73d
                0x0000073c                __ADC12MEM14 = 0x73c
                0x0000073e                __ADC12MEM15_L = 0x73e
                0x0000073f                __ADC12MEM15_H = 0x73f
                0x0000073e                __ADC12MEM15 = 0x73e
                0x00000710                __ADC12MCTL0 = 0x710
                0x00000711                __ADC12MCTL1 = 0x711
                0x00000712                __ADC12MCTL2 = 0x712
                0x00000713                __ADC12MCTL3 = 0x713
                0x00000714                __ADC12MCTL4 = 0x714
                0x00000715                __ADC12MCTL5 = 0x715
                0x00000716                __ADC12MCTL6 = 0x716
                0x00000717                __ADC12MCTL7 = 0x717
                0x00000718                __ADC12MCTL8 = 0x718
                0x00000719                __ADC12MCTL9 = 0x719
                0x0000071a                __ADC12MCTL10 = 0x71a
                0x0000071b                __ADC12MCTL11 = 0x71b
                0x0000071c                __ADC12MCTL12 = 0x71c
                0x0000071d                __ADC12MCTL13 = 0x71d
                0x0000071e                __ADC12MCTL14 = 0x71e
                0x0000071f                __ADC12MCTL15 = 0x71f
                0x00000150                __CRCDI_L = 0x150
                0x00000151                __CRCDI_H = 0x151
                0x00000150                __CRCDI = 0x150
                0x00000152                __CRCDIRB_L = 0x152
                0x00000153                __CRCDIRB_H = 0x153
                0x00000152                __CRCDIRB = 0x152
                0x00000154                __CRCINIRES_L = 0x154
                0x00000155                __CRCINIRES_H = 0x155
                0x00000154                __CRCINIRES = 0x154
                0x00000156                __CRCRESR_L = 0x156
                0x00000157                __CRCRESR_H = 0x157
                0x00000156                __CRCRESR = 0x156
                0x00000500                __DMACTL0_L = 0x500
                0x00000501                __DMACTL0_H = 0x501
                0x00000500                __DMACTL0 = 0x500
                0x00000502                __DMACTL1_L = 0x502
                0x00000503                __DMACTL1_H = 0x503
                0x00000502                __DMACTL1 = 0x502
                0x00000504                __DMACTL2_L = 0x504
                0x00000505                __DMACTL2_H = 0x505
                0x00000504                __DMACTL2 = 0x504
                0x00000506                __DMACTL3_L = 0x506
                0x00000507                __DMACTL3_H = 0x507
                0x00000506                __DMACTL3 = 0x506
                0x00000508                __DMACTL4_L = 0x508
                0x00000509                __DMACTL4_H = 0x509
                0x00000508                __DMACTL4 = 0x508
                0x0000050e                __DMAIV_L = 0x50e
                0x0000050f                __DMAIV_H = 0x50f
                0x0000050e                __DMAIV = 0x50e
                0x00000510                __DMA0CTL_L = 0x510
                0x00000511                __DMA0CTL_H = 0x511
                0x00000510                __DMA0CTL = 0x510
                0x00000512                __DMA0SA = 0x512
                0x00000516                __DMA0DA = 0x516
                0x0000051a                __DMA0SZ = 0x51a
                0x00000520                __DMA1CTL_L = 0x520
                0x00000521                __DMA1CTL_H = 0x521
                0x00000520                __DMA1CTL = 0x520
                0x00000522                __DMA1SA = 0x522
                0x00000526                __DMA1DA = 0x526
                0x0000052a                __DMA1SZ = 0x52a
                0x00000530                __DMA2CTL_L = 0x530
                0x00000531                __DMA2CTL_H = 0x531
                0x00000530                __DMA2CTL = 0x530
                0x00000532                __DMA2SA = 0x532
                0x00000536                __DMA2DA = 0x536
                0x0000053a                __DMA2SZ = 0x53a
                0x00000140                __FCTL1_L = 0x140
                0x00000141                __FCTL1_H = 0x141
                0x00000140                __FCTL1 = 0x140
                0x00000144                __FCTL3_L = 0x144
                0x00000145                __FCTL3_H = 0x145
                0x00000144                __FCTL3 = 0x144
                0x00000146                __FCTL4_L = 0x146
                0x00000147                __FCTL4_H = 0x147
                0x00000146                __FCTL4 = 0x146
                0x000004c0                __MPY_L = 0x4c0
                0x000004c1                __MPY_H = 0x4c1
                0x000004c0                __MPY = 0x4c0
                0x000004c2                __MPYS_L = 0x4c2
                0x000004c3                __MPYS_H = 0x4c3
                0x000004c2                __MPYS = 0x4c2
                0x000004c4                __MAC_L = 0x4c4
                0x000004c5                __MAC_H = 0x4c5
                0x000004c4                __MAC = 0x4c4
                0x000004c6                __MACS_L = 0x4c6
                0x000004c7                __MACS_H = 0x4c7
                0x000004c6                __MACS = 0x4c6
                0x000004c8                __OP2_L = 0x4c8
                0x000004c9                __OP2_H = 0x4c9
                0x000004c8                __OP2 = 0x4c8
                0x000004ca                __RESLO_L = 0x4ca
                0x000004cb                __RESLO_H = 0x4cb
                0x000004ca                __RESLO = 0x4ca
                0x000004cc                __RESHI_L = 0x4cc
                0x000004cd                __RESHI_H = 0x4cd
                0x000004cc                __RESHI = 0x4cc
                0x000004ce                __SUMEXT_L = 0x4ce
                0x000004cf                __SUMEXT_H = 0x4cf
                0x000004ce                __SUMEXT = 0x4ce
                0x000004d0                __MPY32L_L = 0x4d0
                0x000004d1                __MPY32L_H = 0x4d1
                0x000004d0                __MPY32L = 0x4d0
                0x000004d2                __MPY32H_L = 0x4d2
                0x000004d3                __MPY32H_H = 0x4d3
                0x000004d2                __MPY32H = 0x4d2
                0x000004d4                __MPYS32L_L = 0x4d4
                0x000004d5                __MPYS32L_H = 0x4d5
                0x000004d4                __MPYS32L = 0x4d4
                0x000004d6                __MPYS32H_L = 0x4d6
                0x000004d7                __MPYS32H_H = 0x4d7
                0x000004d6                __MPYS32H = 0x4d6
                0x000004d8                __MAC32L_L = 0x4d8
                0x000004d9                __MAC32L_H = 0x4d9
                0x000004d8                __MAC32L = 0x4d8
                0x000004da                __MAC32H_L = 0x4da
                0x000004db                __MAC32H_H = 0x4db
                0x000004da                __MAC32H = 0x4da
                0x000004dc                __MACS32L_L = 0x4dc
                0x000004dd                __MACS32L_H = 0x4dd
                0x000004dc                __MACS32L = 0x4dc
                0x000004de                __MACS32H_L = 0x4de
                0x000004df                __MACS32H_H = 0x4df
                0x000004de                __MACS32H = 0x4de
                0x000004e0                __OP2L_L = 0x4e0
                0x000004e1                __OP2L_H = 0x4e1
                0x000004e0                __OP2L = 0x4e0
                0x000004e2                __OP2H_L = 0x4e2
                0x000004e3                __OP2H_H = 0x4e3
                0x000004e2                __OP2H = 0x4e2
                0x000004e4                __RES0_L = 0x4e4
                0x000004e5                __RES0_H = 0x4e5
                0x000004e4                __RES0 = 0x4e4
                0x000004e6                __RES1_L = 0x4e6
                0x000004e7                __RES1_H = 0x4e7
                0x000004e6                __RES1 = 0x4e6
                0x000004e8                __RES2_L = 0x4e8
                0x000004e9                __RES2_H = 0x4e9
                0x000004e8                __RES2 = 0x4e8
                0x000004ea                __RES3_L = 0x4ea
                0x000004eb                __RES3_H = 0x4eb
                0x000004ea                __RES3 = 0x4ea
                0x000004ec                __MPY32CTL0_L = 0x4ec
                0x000004ed                __MPY32CTL0_H = 0x4ed
                0x000004ec                __MPY32CTL0 = 0x4ec
                0x00000200                __PAIN_L = 0x200
                0x00000201                __PAIN_H = 0x201
                0x00000200                __PAIN = 0x200
                0x00000202                __PAOUT_L = 0x202
                0x00000203                __PAOUT_H = 0x203
                0x00000202                __PAOUT = 0x202
                0x00000204                __PADIR_L = 0x204
                0x00000205                __PADIR_H = 0x205
                0x00000204                __PADIR = 0x204
                0x00000206                __PAREN_L = 0x206
                0x00000207                __PAREN_H = 0x207
                0x00000206                __PAREN = 0x206
                0x00000208                __PADS_L = 0x208
                0x00000209                __PADS_H = 0x209
                0x00000208                __PADS = 0x208
                0x0000020a                __PASEL_L = 0x20a
                0x0000020b                __PASEL_H = 0x20b
                0x0000020a                __PASEL = 0x20a
                0x00000218                __PAIES_L = 0x218
                0x00000219                __PAIES_H = 0x219
                0x00000218                __PAIES = 0x218
                0x0000021a                __PAIE_L = 0x21a
                0x0000021b                __PAIE_H = 0x21b
                0x0000021a                __PAIE = 0x21a
                0x0000021c                __PAIFG_L = 0x21c
                0x0000021d                __PAIFG_H = 0x21d
                0x0000021c                __PAIFG = 0x21c
                0x0000020e                __P1IV = 0x20e
                0x0000021e                __P2IV = 0x21e
                0x00000220                __PBIN_L = 0x220
                0x00000221                __PBIN_H = 0x221
                0x00000220                __PBIN = 0x220
                0x00000222                __PBOUT_L = 0x222
                0x00000223                __PBOUT_H = 0x223
                0x00000222                __PBOUT = 0x222
                0x00000224                __PBDIR_L = 0x224
                0x00000225                __PBDIR_H = 0x225
                0x00000224                __PBDIR = 0x224
                0x00000226                __PBREN_L = 0x226
                0x00000227                __PBREN_H = 0x227
                0x00000226                __PBREN = 0x226
                0x00000228                __PBDS_L = 0x228
                0x00000229                __PBDS_H = 0x229
                0x00000228                __PBDS = 0x228
                0x0000022a                __PBSEL_L = 0x22a
                0x0000022b                __PBSEL_H = 0x22b
                0x0000022a                __PBSEL = 0x22a
                0x00000240                __PCIN_L = 0x240
                0x00000241                __PCIN_H = 0x241
                0x00000240                __PCIN = 0x240
                0x00000242                __PCOUT_L = 0x242
                0x00000243                __PCOUT_H = 0x243
                0x00000242                __PCOUT = 0x242
                0x00000244                __PCDIR_L = 0x244
                0x00000245                __PCDIR_H = 0x245
                0x00000244                __PCDIR = 0x244
                0x00000246                __PCREN_L = 0x246
                0x00000247                __PCREN_H = 0x247
                0x00000246                __PCREN = 0x246
                0x00000248                __PCDS_L = 0x248
                0x00000249                __PCDS_H = 0x249
                0x00000248                __PCDS = 0x248
                0x0000024a                __PCSEL_L = 0x24a
                0x0000024b                __PCSEL_H = 0x24b
                0x0000024a                __PCSEL = 0x24a
                0x00000260                __PDIN_L = 0x260
                0x00000261                __PDIN_H = 0x261
                0x00000260                __PDIN = 0x260
                0x00000262                __PDOUT_L = 0x262
                0x00000263                __PDOUT_H = 0x263
                0x00000262                __PDOUT = 0x262
                0x00000264                __PDDIR_L = 0x264
                0x00000265                __PDDIR_H = 0x265
                0x00000264                __PDDIR = 0x264
                0x00000266                __PDREN_L = 0x266
                0x00000267                __PDREN_H = 0x267
                0x00000266                __PDREN = 0x266
                0x00000268                __PDDS_L = 0x268
                0x00000269                __PDDS_H = 0x269
                0x00000268                __PDDS = 0x268
                0x0000026a                __PDSEL_L = 0x26a
                0x0000026b                __PDSEL_H = 0x26b
                0x0000026a                __PDSEL = 0x26a
                0x00000280                __PEIN_L = 0x280
                0x00000281                __PEIN_H = 0x281
                0x00000280                __PEIN = 0x280
                0x00000282                __PEOUT_L = 0x282
                0x00000283                __PEOUT_H = 0x283
                0x00000282                __PEOUT = 0x282
                0x00000284                __PEDIR_L = 0x284
                0x00000285                __PEDIR_H = 0x285
                0x00000284                __PEDIR = 0x284
                0x00000286                __PEREN_L = 0x286
                0x00000287                __PEREN_H = 0x287
                0x00000286                __PEREN = 0x286
                0x00000288                __PEDS_L = 0x288
                0x00000289                __PEDS_H = 0x289
                0x00000288                __PEDS = 0x288
                0x0000028a                __PESEL_L = 0x28a
                0x0000028b                __PESEL_H = 0x28b
                0x0000028a                __PESEL = 0x28a
                0x000002a0                __PFIN_L = 0x2a0
                0x000002a1                __PFIN_H = 0x2a1
                0x000002a0                __PFIN = 0x2a0
                0x000002a2                __PFOUT_L = 0x2a2
                0x000002a3                __PFOUT_H = 0x2a3
                0x000002a2                __PFOUT = 0x2a2
                0x000002a4                __PFDIR_L = 0x2a4
                0x000002a5                __PFDIR_H = 0x2a5
                0x000002a4                __PFDIR = 0x2a4
                0x000002a6                __PFREN_L = 0x2a6
                0x000002a7                __PFREN_H = 0x2a7
                0x000002a6                __PFREN = 0x2a6
                0x000002a8                __PFDS_L = 0x2a8
                0x000002a9                __PFDS_H = 0x2a9
                0x000002a8                __PFDS = 0x2a8
                0x000002aa                __PFSEL_L = 0x2aa
                0x000002ab                __PFSEL_H = 0x2ab
                0x000002aa                __PFSEL = 0x2aa
                0x00000320                __PJIN_L = 0x320
                0x00000321                __PJIN_H = 0x321
                0x00000320                __PJIN = 0x320
                0x00000322                __PJOUT_L = 0x322
                0x00000323                __PJOUT_H = 0x323
                0x00000322                __PJOUT = 0x322
                0x00000324                __PJDIR_L = 0x324
                0x00000325                __PJDIR_H = 0x325
                0x00000324                __PJDIR = 0x324
                0x00000326                __PJREN_L = 0x326
                0x00000327                __PJREN_H = 0x327
                0x00000326                __PJREN = 0x326
                0x00000328                __PJDS_L = 0x328
                0x00000329                __PJDS_H = 0x329
                0x00000328                __PJDS = 0x328
                0x00000120                __PMMCTL0_L = 0x120
                0x00000121                __PMMCTL0_H = 0x121
                0x00000120                __PMMCTL0 = 0x120
                0x00000122                __PMMCTL1_L = 0x122
                0x00000123                __PMMCTL1_H = 0x123
                0x00000122                __PMMCTL1 = 0x122
                0x00000124                __SVSMHCTL_L = 0x124
                0x00000125                __SVSMHCTL_H = 0x125
                0x00000124                __SVSMHCTL = 0x124
                0x00000126                __SVSMLCTL_L = 0x126
                0x00000127                __SVSMLCTL_H = 0x127
                0x00000126                __SVSMLCTL = 0x126
                0x00000128                __SVSMIO_L = 0x128
                0x00000129                __SVSMIO_H = 0x129
                0x00000128                __SVSMIO = 0x128
                0x0000012c                __PMMIFG_L = 0x12c
                0x0000012d                __PMMIFG_H = 0x12d
                0x0000012c                __PMMIFG = 0x12c
                0x0000012e                __PMMRIE_L = 0x12e
                0x0000012f                __PMMRIE_H = 0x12f
                0x0000012e                __PMMRIE = 0x12e
                0x00000130                __PM5CTL0_L = 0x130
                0x00000131                __PM5CTL0_H = 0x131
                0x00000130                __PM5CTL0 = 0x130
                0x00000158                __RCCTL0_L = 0x158
                0x00000159                __RCCTL0_H = 0x159
                0x00000158                __RCCTL0 = 0x158
                0x000001b0                __REFCTL0_L = 0x1b0
                0x000001b1                __REFCTL0_H = 0x1b1
                0x000001b0                __REFCTL0 = 0x1b0
                0x000004a0                __RTCCTL01_L = 0x4a0
                0x000004a1                __RTCCTL01_H = 0x4a1
                0x000004a0                __RTCCTL01 = 0x4a0
                0x000004a2                __RTCCTL23_L = 0x4a2
                0x000004a3                __RTCCTL23_H = 0x4a3
                0x000004a2                __RTCCTL23 = 0x4a2
                0x000004a8                __RTCPS0CTL_L = 0x4a8
                0x000004a9                __RTCPS0CTL_H = 0x4a9
                0x000004a8                __RTCPS0CTL = 0x4a8
                0x000004aa                __RTCPS1CTL_L = 0x4aa
                0x000004ab                __RTCPS1CTL_H = 0x4ab
                0x000004aa                __RTCPS1CTL = 0x4aa
                0x000004ac                __RTCPS_L = 0x4ac
                0x000004ad                __RTCPS_H = 0x4ad
                0x000004ac                __RTCPS = 0x4ac
                0x000004ae                __RTCIV = 0x4ae
                0x000004b0                __RTCTIM0_L = 0x4b0
                0x000004b1                __RTCTIM0_H = 0x4b1
                0x000004b0                __RTCTIM0 = 0x4b0
                0x000004b2                __RTCTIM1_L = 0x4b2
                0x000004b3                __RTCTIM1_H = 0x4b3
                0x000004b2                __RTCTIM1 = 0x4b2
                0x000004b4                __RTCDATE_L = 0x4b4
                0x000004b5                __RTCDATE_H = 0x4b5
                0x000004b4                __RTCDATE = 0x4b4
                0x000004b6                __RTCYEAR_L = 0x4b6
                0x000004b7                __RTCYEAR_H = 0x4b7
                0x000004b6                __RTCYEAR = 0x4b6
                0x000004b8                __RTCAMINHR_L = 0x4b8
                0x000004b9                __RTCAMINHR_H = 0x4b9
                0x000004b8                __RTCAMINHR = 0x4b8
                0x000004ba                __RTCADOWDAY_L = 0x4ba
                0x000004bb                __RTCADOWDAY_H = 0x4bb
                0x000004ba                __RTCADOWDAY = 0x4ba
                0x00000100                __SFRIE1_L = 0x100
                0x00000101                __SFRIE1_H = 0x101
                0x00000100                __SFRIE1 = 0x100
                0x00000102                __SFRIFG1_L = 0x102
                0x00000103                __SFRIFG1_H = 0x103
                0x00000102                __SFRIFG1 = 0x102
                0x00000104                __SFRRPCR_L = 0x104
                0x00000105                __SFRRPCR_H = 0x105
                0x00000104                __SFRRPCR = 0x104
                0x00000180                __SYSCTL_L = 0x180
                0x00000181                __SYSCTL_H = 0x181
                0x00000180                __SYSCTL = 0x180
                0x00000182                __SYSBSLC_L = 0x182
                0x00000183                __SYSBSLC_H = 0x183
                0x00000182                __SYSBSLC = 0x182
                0x00000186                __SYSJMBC_L = 0x186
                0x00000187                __SYSJMBC_H = 0x187
                0x00000186                __SYSJMBC = 0x186
                0x00000188                __SYSJMBI0_L = 0x188
                0x00000189                __SYSJMBI0_H = 0x189
                0x00000188                __SYSJMBI0 = 0x188
                0x0000018a                __SYSJMBI1_L = 0x18a
                0x0000018b                __SYSJMBI1_H = 0x18b
                0x0000018a                __SYSJMBI1 = 0x18a
                0x0000018c                __SYSJMBO0_L = 0x18c
                0x0000018d                __SYSJMBO0_H = 0x18d
                0x0000018c                __SYSJMBO0 = 0x18c
                0x0000018e                __SYSJMBO1_L = 0x18e
                0x0000018f                __SYSJMBO1_H = 0x18f
                0x0000018e                __SYSJMBO1 = 0x18e
                0x00000198                __SYSBERRIV_L = 0x198
                0x00000199                __SYSBERRIV_H = 0x199
                0x00000198                __SYSBERRIV = 0x198
                0x0000019a                __SYSUNIV_L = 0x19a
                0x0000019b                __SYSUNIV_H = 0x19b
                0x0000019a                __SYSUNIV = 0x19a
                0x0000019c                __SYSSNIV_L = 0x19c
                0x0000019d                __SYSSNIV_H = 0x19d
                0x0000019c                __SYSSNIV = 0x19c
                0x0000019e                __SYSRSTIV_L = 0x19e
                0x0000019f                __SYSRSTIV_H = 0x19f
                0x0000019e                __SYSRSTIV = 0x19e
                0x00000340                __TA0CTL = 0x340
                0x00000342                __TA0CCTL0 = 0x342
                0x00000344                __TA0CCTL1 = 0x344
                0x00000346                __TA0CCTL2 = 0x346
                0x00000348                __TA0CCTL3 = 0x348
                0x0000034a                __TA0CCTL4 = 0x34a
                0x00000350                __TA0R = 0x350
                0x00000352                __TA0CCR0 = 0x352
                0x00000354                __TA0CCR1 = 0x354
                0x00000356                __TA0CCR2 = 0x356
                0x00000358                __TA0CCR3 = 0x358
                0x0000035a                __TA0CCR4 = 0x35a
                0x0000036e                __TA0IV = 0x36e
                0x00000360                __TA0EX0 = 0x360
                0x00000380                __TA1CTL = 0x380
                0x00000382                __TA1CCTL0 = 0x382
                0x00000384                __TA1CCTL1 = 0x384
                0x00000386                __TA1CCTL2 = 0x386
                0x00000390                __TA1R = 0x390
                0x00000392                __TA1CCR0 = 0x392
                0x00000394                __TA1CCR1 = 0x394
                0x00000396                __TA1CCR2 = 0x396
                0x000003ae                __TA1IV = 0x3ae
                0x000003a0                __TA1EX0 = 0x3a0
                0x000003c0                __TB0CTL = 0x3c0
                0x000003c2                __TB0CCTL0 = 0x3c2
                0x000003c4                __TB0CCTL1 = 0x3c4
                0x000003c6                __TB0CCTL2 = 0x3c6
                0x000003c8                __TB0CCTL3 = 0x3c8
                0x000003ca                __TB0CCTL4 = 0x3ca
                0x000003cc                __TB0CCTL5 = 0x3cc
                0x000003ce                __TB0CCTL6 = 0x3ce
                0x000003d0                __TB0R = 0x3d0
                0x000003d2                __TB0CCR0 = 0x3d2
                0x000003d4                __TB0CCR1 = 0x3d4
                0x000003d6                __TB0CCR2 = 0x3d6
                0x000003d8                __TB0CCR3 = 0x3d8
                0x000003da                __TB0CCR4 = 0x3da
                0x000003dc                __TB0CCR5 = 0x3dc
                0x000003de                __TB0CCR6 = 0x3de
                0x000003e0                __TB0EX0 = 0x3e0
                0x000003ee                __TB0IV = 0x3ee
                0x00000160                __UCSCTL0_L = 0x160
                0x00000161                __UCSCTL0_H = 0x161
                0x00000160                __UCSCTL0 = 0x160
                0x00000162                __UCSCTL1_L = 0x162
                0x00000163                __UCSCTL1_H = 0x163
                0x00000162                __UCSCTL1 = 0x162
                0x00000164                __UCSCTL2_L = 0x164
                0x00000165                __UCSCTL2_H = 0x165
                0x00000164                __UCSCTL2 = 0x164
                0x00000166                __UCSCTL3_L = 0x166
                0x00000167                __UCSCTL3_H = 0x167
                0x00000166                __UCSCTL3 = 0x166
                0x00000168                __UCSCTL4_L = 0x168
                0x00000169                __UCSCTL4_H = 0x169
                0x00000168                __UCSCTL4 = 0x168
                0x0000016a                __UCSCTL5_L = 0x16a
                0x0000016b                __UCSCTL5_H = 0x16b
                0x0000016a                __UCSCTL5 = 0x16a
                0x0000016c                __UCSCTL6_L = 0x16c
                0x0000016d                __UCSCTL6_H = 0x16d
                0x0000016c                __UCSCTL6 = 0x16c
                0x0000016e                __UCSCTL7_L = 0x16e
                0x0000016f                __UCSCTL7_H = 0x16f
                0x0000016e                __UCSCTL7 = 0x16e
                0x00000170                __UCSCTL8_L = 0x170
                0x00000171                __UCSCTL8_H = 0x171
                0x00000170                __UCSCTL8 = 0x170
                0x000005c0                __UCA0CTLW0_L = 0x5c0
                0x000005c1                __UCA0CTLW0_H = 0x5c1
                0x000005c0                __UCA0CTLW0 = 0x5c0
                0x000005c6                __UCA0BRW_L = 0x5c6
                0x000005c7                __UCA0BRW_H = 0x5c7
                0x000005c6                __UCA0BRW = 0x5c6
                0x000005c8                __UCA0MCTL = 0x5c8
                0x000005ca                __UCA0STAT = 0x5ca
                0x000005cc                __UCA0RXBUF = 0x5cc
                0x000005ce                __UCA0TXBUF = 0x5ce
                0x000005d0                __UCA0ABCTL = 0x5d0
                0x000005d2                __UCA0IRCTL_L = 0x5d2
                0x000005d3                __UCA0IRCTL_H = 0x5d3
                0x000005d2                __UCA0IRCTL = 0x5d2
                0x000005dc                __UCA0ICTL_L = 0x5dc
                0x000005dd                __UCA0ICTL_H = 0x5dd
                0x000005dc                __UCA0ICTL = 0x5dc
                0x000005de                __UCA0IV = 0x5de
                0x000005e0                __UCB0CTLW0_L = 0x5e0
                0x000005e1                __UCB0CTLW0_H = 0x5e1
                0x000005e0                __UCB0CTLW0 = 0x5e0
                0x000005e6                __UCB0BRW_L = 0x5e6
                0x000005e7                __UCB0BRW_H = 0x5e7
                0x000005e6                __UCB0BRW = 0x5e6
                0x000005ea                __UCB0STAT = 0x5ea
                0x000005ec                __UCB0RXBUF = 0x5ec
                0x000005ee                __UCB0TXBUF = 0x5ee
                0x000005f0                __UCB0I2COA_L = 0x5f0
                0x000005f1                __UCB0I2COA_H = 0x5f1
                0x000005f0                __UCB0I2COA = 0x5f0
                0x000005f2                __UCB0I2CSA_L = 0x5f2
                0x000005f3                __UCB0I2CSA_H = 0x5f3
                0x000005f2                __UCB0I2CSA = 0x5f2
                0x000005fc                __UCB0ICTL_L = 0x5fc
                0x000005fd                __UCB0ICTL_H = 0x5fd
                0x000005fc                __UCB0ICTL = 0x5fc
                0x000005fe                __UCB0IV = 0x5fe
                0x00000600                __UCA1CTLW0_L = 0x600
                0x00000601                __UCA1CTLW0_H = 0x601
                0x00000600                __UCA1CTLW0 = 0x600
                0x00000606                __UCA1BRW_L = 0x606
                0x00000607                __UCA1BRW_H = 0x607
                0x00000606                __UCA1BRW = 0x606
                0x00000608                __UCA1MCTL = 0x608
                0x0000060a                __UCA1STAT = 0x60a
                0x0000060c                __UCA1RXBUF = 0x60c
                0x0000060e                __UCA1TXBUF = 0x60e
                0x00000610                __UCA1ABCTL = 0x610
                0x00000612                __UCA1IRCTL_L = 0x612
                0x00000613                __UCA1IRCTL_H = 0x613
                0x00000612                __UCA1IRCTL = 0x612
                0x0000061c                __UCA1ICTL_L = 0x61c
                0x0000061d                __UCA1ICTL_H = 0x61d
                0x0000061c                __UCA1ICTL = 0x61c
                0x0000061e                __UCA1IV = 0x61e
                0x00000620                __UCB1CTLW0_L = 0x620
                0x00000621                __UCB1CTLW0_H = 0x621
                0x00000620                __UCB1CTLW0 = 0x620
                0x00000626                __UCB1BRW_L = 0x626
                0x00000627                __UCB1BRW_H = 0x627
                0x00000626                __UCB1BRW = 0x626
                0x0000062a                __UCB1STAT = 0x62a
                0x0000062c                __UCB1RXBUF = 0x62c
                0x0000062e                __UCB1TXBUF = 0x62e
                0x00000630                __UCB1I2COA_L = 0x630
                0x00000631                __UCB1I2COA_H = 0x631
                0x00000630                __UCB1I2COA = 0x630
                0x00000632                __UCB1I2CSA_L = 0x632
                0x00000633                __UCB1I2CSA_H = 0x633
                0x00000632                __UCB1I2CSA = 0x632
                0x0000063c                __UCB1ICTL_L = 0x63c
                0x0000063d                __UCB1ICTL_H = 0x63d
                0x0000063c                __UCB1ICTL = 0x63c
                0x0000063e                __UCB1IV = 0x63e
                0x00000640                __UCA2CTLW0_L = 0x640
                0x00000641                __UCA2CTLW0_H = 0x641
                0x00000640                __UCA2CTLW0 = 0x640
                0x00000646                __UCA2BRW_L = 0x646
                0x00000647                __UCA2BRW_H = 0x647
                0x00000646                __UCA2BRW = 0x646
                0x00000648                __UCA2MCTL = 0x648
                0x0000064a                __UCA2STAT = 0x64a
                0x0000064c                __UCA2RXBUF = 0x64c
                0x0000064e                __UCA2TXBUF = 0x64e
                0x00000650                __UCA2ABCTL = 0x650
                0x00000652                __UCA2IRCTL_L = 0x652
                0x00000653                __UCA2IRCTL_H = 0x653
                0x00000652                __UCA2IRCTL = 0x652
                0x0000065c                __UCA2ICTL_L = 0x65c
                0x0000065d                __UCA2ICTL_H = 0x65d
                0x0000065c                __UCA2ICTL = 0x65c
                0x0000065e                __UCA2IV = 0x65e
                0x00000660                __UCB2CTLW0_L = 0x660
                0x00000661                __UCB2CTLW0_H = 0x661
                0x00000660                __UCB2CTLW0 = 0x660
                0x00000666                __UCB2BRW_L = 0x666
                0x00000667                __UCB2BRW_H = 0x667
                0x00000666                __UCB2BRW = 0x666
                0x0000066a                __UCB2STAT = 0x66a
                0x0000066c                __UCB2RXBUF = 0x66c
                0x0000066e                __UCB2TXBUF = 0x66e
                0x00000670                __UCB2I2COA_L = 0x670
                0x00000671                __UCB2I2COA_H = 0x671
                0x00000670                __UCB2I2COA = 0x670
                0x00000672                __UCB2I2CSA_L = 0x672
                0x00000673                __UCB2I2CSA_H = 0x673
                0x00000672                __UCB2I2CSA = 0x672
                0x0000067c                __UCB2ICTL_L = 0x67c
                0x0000067d                __UCB2ICTL_H = 0x67d
                0x0000067c                __UCB2ICTL = 0x67c
                0x0000067e                __UCB2IV = 0x67e
                0x00000680                __UCA3CTLW0_L = 0x680
                0x00000681                __UCA3CTLW0_H = 0x681
                0x00000680                __UCA3CTLW0 = 0x680
                0x00000686                __UCA3BRW_L = 0x686
                0x00000687                __UCA3BRW_H = 0x687
                0x00000686                __UCA3BRW = 0x686
                0x00000688                __UCA3MCTL = 0x688
                0x0000068a                __UCA3STAT = 0x68a
                0x0000068c                __UCA3RXBUF = 0x68c
                0x0000068e                __UCA3TXBUF = 0x68e
                0x00000690                __UCA3ABCTL = 0x690
                0x00000692                __UCA3IRCTL_L = 0x692
                0x00000693                __UCA3IRCTL_H = 0x693
                0x00000692                __UCA3IRCTL = 0x692
                0x0000069c                __UCA3ICTL_L = 0x69c
                0x0000069d                __UCA3ICTL_H = 0x69d
                0x0000069c                __UCA3ICTL = 0x69c
                0x0000069e                __UCA3IV = 0x69e
                0x000006a0                __UCB3CTLW0_L = 0x6a0
                0x000006a1                __UCB3CTLW0_H = 0x6a1
                0x000006a0                __UCB3CTLW0 = 0x6a0
                0x000006a6                __UCB3BRW_L = 0x6a6
                0x000006a7                __UCB3BRW_H = 0x6a7
                0x000006a6                __UCB3BRW = 0x6a6
                0x000006aa                __UCB3STAT = 0x6aa
                0x000006ac                __UCB3RXBUF = 0x6ac
                0x000006ae                __UCB3TXBUF = 0x6ae
                0x000006b0                __UCB3I2COA_L = 0x6b0
                0x000006b1                __UCB3I2COA_H = 0x6b1
                0x000006b0                __UCB3I2COA = 0x6b0
                0x000006b2                __UCB3I2CSA_L = 0x6b2
                0x000006b3                __UCB3I2CSA_H = 0x6b3
                0x000006b2                __UCB3I2CSA = 0x6b2
                0x000006bc                __UCB3ICTL_L = 0x6bc
                0x000006bd                __UCB3ICTL_H = 0x6bd
                0x000006bc                __UCB3ICTL = 0x6bc
                0x000006be                __UCB3IV = 0x6be
                0x0000015c                __WDTCTL_L = 0x15c
                0x0000015d                __WDTCTL_H = 0x15d
                0x0000015c                __WDTCTL = 0x15c

.hash
 *(.hash)

.dynsym
 *(.dynsym)

.dynstr
 *(.dynstr)

.gnu.version
 *(.gnu.version)

.gnu.version_d
 *(.gnu.version_d)

.gnu.version_r
 *(.gnu.version_r)

.rel.init
 *(.rel.init)

.rela.init
 *(.rela.init)

.rel.fini
 *(.rel.fini)

.rela.fini
 *(.rela.fini)

.rel.text
 *(.rel.text .rel.text.* .rel.gnu.linkonce.t.*)

.rela.text
 *(.rela.text .rela.text.* .rela.gnu.linkonce.t.*)

.rel.rodata
 *(.rel.rodata .rel.rodata.* .rel.gnu.linkonce.r.*)

.rela.rodata
 *(.rela.rodata .rela.rodata.* .rela.gnu.linkonce.r.*)

.rel.data
 *(.rel.data .rel.data.* .rel.gnu.linkonce.d.*)

.rela.data
 *(.rela.data .rela.data.* .rela.gnu.linkonce.d.*)

.rel.bss
 *(.rel.bss .rel.bss.* .rel.gnu.linkonce.b.*)

.rela.bss
 *(.rela.bss .rela.bss.* .rela.gnu.linkonce.b.*)

.rel.ctors
 *(.rel.ctors)

.rela.ctors
 *(.rela.ctors)

.rel.dtors
 *(.rel.dtors)

.rela.dtors
 *(.rela.dtors)

.rel.got
 *(.rel.got)

.rela.got
 *(.rela.got)

.rel.plt
 *(.rel.plt)

.rela.plt
 *(.rela.plt)

.text           0x00005c00     0x1da4
                0x00005c00                . = ALIGN (0x2)
 *(.init .init.*)
 *(.init0)
 .init0         0x00005c00        0x0 /opt/mspgcc-4.7.2/lib/gcc/msp430/4.7.2/mcpu-430x/mmpy-16/msr20/mc20/md20/libcrt0.a(_reset_vector__.o)
                0x00005c00                _reset_vector__
 *(.init1)
 .init1         0x00005c00        0xc /opt/mspgcc-4.7.2/lib/gcc/msp430/4.7.2/mcpu-430x/mmpy-16/msr20/mc20/md20/libcrt0.a(__watchdog_support.o)
                0x00005c00                __watchdog_support
 *(.init2)
 .init2         0x00005c0c        0x4 /opt/mspgcc-4.7.2/lib/gcc/msp430/4.7.2/mcpu-430x/mmpy-16/msr20/mc20/md20/libcrt0.a(__init_stack.o)
                0x00005c0c                __init_stack
 *(.init3)
 .init3         0x00005c10        0x0 /opt/mspgcc-4.7.2/lib/gcc/msp430/4.7.2/mcpu-430x/mmpy-16/msr20/mc20/md20/libcrt0.a(__low_level_init.o)
                0x00005c10                __low_level_init
 *(.init4)
 .init4         0x00005c10       0x18 /opt/mspgcc-4.7.2/lib/gcc/msp430/4.7.2/mcpu-430x/mmpy-16/msr20/mc20/md20/libcrt0.a(_copy_data.o)
                0x00005c10                __do_copy_data
 .init4         0x00005c28       0x16 /opt/mspgcc-4.7.2/lib/gcc/msp430/4.7.2/mcpu-430x/mmpy-16/msr20/mc20/md20/libcrt0.a(_clear_bss.o)
                0x00005c28                __do_clear_bss
 *(.init5)
 *(.init6)
 *(.init7)
 *(.init8)
 *(.init9)
 .init9         0x00005c3e       0xda obj_odin5438A/contiki-odin5438A-main.o
                0x00005c3e                main
 *(.fini9)
 .fini9         0x00005d18        0x0 /opt/mspgcc-4.7.2/lib/gcc/msp430/4.7.2/mcpu-430x/mmpy-16/msr20/mc20/md20/libcrt0.a(__stop_progExec__.o)
                0x00005d18                __stop_progExec__
 *(.fini8)
 *(.fini7)
 *(.fini6)
 *(.fini5)
 *(.fini4)
 *(.fini3)
 *(.fini2)
 *(.fini1)
 *(.fini0)
 .fini0         0x00005d18        0x6 /opt/mspgcc-4.7.2/lib/gcc/msp430/4.7.2/mcpu-430x/mmpy-16/msr20/mc20/md20/libcrt0.a(_endless_loop__.o)
                0x00005d18                _endless_loop__
 *(.fini .fini.*)
                0x00005d1e                . = ALIGN (0x2)
                0x00005d1e                __ctors_start = .
 *(.ctors)
                0x00005d1e                __ctors_end = .
                0x00005d1e                __dtors_start = .
 *(.dtors)
                0x00005d1e                __dtors_end = .
                0x00005d1e                . = ALIGN (0x2)
 *(.text .text.* .gnu.linkonce.t.*)
 .text          0x00005d1e        0x4 /opt/mspgcc-4.7.2/lib/gcc/msp430/4.7.2/mcpu-430x/mmpy-16/msr20/mc20/md20/crt0ivtbl64.o
                0x00005d1e                __isr_37
                0x00005d1e                __isr_51
                0x00005d1e                __isr_57
                0x00005d1e                __isr_33
                0x00005d1e                __isr_32
                0x00005d1e                __isr_54
                0x00005d1e                __isr_42
                0x00005d1e                __isr_59
                0x00005d1e                __isr_39
                0x00005d1e                __isr_53
                0x00005d1e                __isr_60
                0x00005d1e                __isr_36
                0x00005d1e                __isr_34
                0x00005d1e                __isr_44
                0x00005d1e                __isr_61
                0x00005d1e                __isr_43
                0x00005d1e                __isr_50
                0x00005d1e                __isr_56
                0x00005d1e                __isr_38
                0x00005d1e                __isr_35
                0x00005d1e                __isr_45
                0x00005d1e                __isr_58
                0x00005d1e                __isr_62
                0x00005d1e                __isr_52
                0x00005d1e                __isr_40
 .text.libgcc   0x00005d22       0x3a /opt/mspgcc-4.7.2/lib/gcc/msp430/4.7.2/mcpu-430x/mmpy-16/msr20/mc20/md20/libgcc.a(_divmod16.o)
                0x00005d22                __ext_divmod16
                0x00005d22                __divhi3
                0x00005d54                __modhi3
 .text.libgcc   0x00005d5c       0x38 /opt/mspgcc-4.7.2/lib/gcc/msp430/4.7.2/mcpu-430x/mmpy-16/msr20/mc20/md20/libgcc.a(_udivmod32.o)
                0x00005d5c                __udivsi3
                0x00005d5c                __ext_udivmod32
                0x00005d8a                __umodsi3
 .text.libgcc   0x00005d94       0x4c /opt/mspgcc-4.7.2/lib/gcc/msp430/4.7.2/mcpu-430x/mmpy-16/msr20/mc20/md20/libgcc.a(_divmod32.o)
                0x00005d94                __ext_divmod32
                0x00005d94                __divsi3
                0x00005dd6                __modsi3
 .text.libgcc   0x00005de0       0x22 /opt/mspgcc-4.7.2/lib/gcc/msp430/4.7.2/mcpu-430x/mmpy-16/msr20/mc20/md20/libgcc.a(_udivmod16.o)
                0x00005de0                __udivhi3
                0x00005de0                __ext_udivmod16
                0x00005dfa                __umodhi3
 .text.libgcc   0x00005e02       0x26 /opt/mspgcc-4.7.2/lib/gcc/msp430/4.7.2/mcpu-430x/mmpy-16/msr20/mc20/md20/libgcc.a(_mulsi3.o)
                0x00005e02                __mulsi3
 .text.libgcc   0x00005e28       0xbc /opt/mspgcc-4.7.2/lib/gcc/msp430/4.7.2/mcpu-430x/mmpy-16/msr20/mc20/md20/libgcc.a(_udivmod64.o)
                0x00005e28                __xabi_udivmod64
                0x00005e7a                __udivdi3
                0x00005e94                __umoddi3
                0x00005eb6                __udivmoddi4
 .text.crt0     0x00005ee4        0x2 /opt/mspgcc-4.7.2/lib/gcc/msp430/4.7.2/mcpu-430x/mmpy-16/msr20/mc20/md20/libcrt0.a(_unexpected_.o)
                0x00005ee4                _unexpected_
 *(.near.text .near.text.*)
 .near.text.uart1_rx_interrupt
                0x00005ee6       0x46 contiki-odin5438A.a(uart1x.o)
                0x00005ee6                __isr_46
                0x00005ee6                uart1_rx_interrupt
 .near.text.cc1120_port1_interrupt
                0x00005f2c       0x50 contiki-odin5438A.a(cc11xx.o)
                0x00005f2c                __isr_47
                0x00005f2c                cc1120_port1_interrupt
 .near.text.rtc_interrupt
                0x00005f7c       0x12 contiki-odin5438A.a(rtc-clock.o)
                0x00005f7c                rtc_interrupt
                0x00005f7c                __isr_41
 .near.text.adc_interrupt
                0x00005f8e       0x28 contiki-odin5438A.a(adc.o)
                0x00005f8e                adc_interrupt
                0x00005f8e                __isr_55
 .near.text.timera0
                0x00005fb6       0x1a contiki-odin5438A.a(rtimer-arch.o)
                0x00005fb6                __isr_49
                0x00005fb6                timera0
 .near.text.timera1
                0x00005fd0       0xca contiki-odin5438A.a(clock.o)
                0x00005fd0                __isr_48
                0x00005fd0                timera1
 .any.text      0x0000609a      0x310 /opt/mspgcc-4.7.2/lib/gcc/msp430/4.7.2/mcpu-430x/mmpy-16/msr20/mc20/md20/libgcc.a(_addsub_sf.o)
                0x00006306                __addsf3
                0x00006356                __subsf3
 .any.text      0x000063aa      0x1f6 /opt/mspgcc-4.7.2/lib/gcc/msp430/4.7.2/mcpu-430x/mmpy-16/msr20/mc20/md20/libgcc.a(_mul_sf.o)
                0x000063aa                __mulsf3
 .any.text      0x000065a0       0xa8 /opt/mspgcc-4.7.2/lib/gcc/msp430/4.7.2/mcpu-430x/mmpy-16/msr20/mc20/md20/libgcc.a(_si_to_sf.o)
                0x000065a0                __floatsisf
 .any.text      0x00006648       0x8e /opt/mspgcc-4.7.2/lib/gcc/msp430/4.7.2/mcpu-430x/mmpy-16/msr20/mc20/md20/libgcc.a(_sf_to_si.o)
                0x00006648                __fixsfsi
 .any.text      0x000066d6       0xde /opt/mspgcc-4.7.2/lib/gcc/msp430/4.7.2/mcpu-430x/mmpy-16/msr20/mc20/md20/libgcc.a(_usi_to_sf.o)
                0x000066d6                __floatunsisf
 .any.text      0x000067b4       0x88 /opt/mspgcc-4.7.2/lib/gcc/msp430/4.7.2/mcpu-430x/mmpy-16/msr20/mc20/md20/libgcc.a(_clzsi2.o)
                0x000067b4                __clzsi2
 .any.text      0x0000683c      0x1c4 /opt/mspgcc-4.7.2/lib/gcc/msp430/4.7.2/mcpu-430x/mmpy-16/msr20/mc20/md20/libgcc.a(_pack_sf.o)
                0x0000683c                __pack_f
 .any.text      0x00006a00      0x10a /opt/mspgcc-4.7.2/lib/gcc/msp430/4.7.2/mcpu-430x/mmpy-16/msr20/mc20/md20/libgcc.a(_unpack_sf.o)
                0x00006a00                __unpack_f
 .any.text.printf
                0x00006b0a       0x12 /opt/mspgcc-4.7.2/lib/gcc/msp430/4.7.2/../../../../msp430/lib/mcpu-430x/mmpy-16/msr20/mc20/md20/libc.a(printf.o)
                0x00006b0a                printf
 .any.text.append
                0x00006b1c       0x28 /opt/mspgcc-4.7.2/lib/gcc/msp430/4.7.2/../../../../msp430/lib/mcpu-430x/mmpy-16/msr20/mc20/md20/libc.a(sprintf.o)
 .any.text.call_vuprintf
                0x00006b44       0x4a /opt/mspgcc-4.7.2/lib/gcc/msp430/4.7.2/../../../../msp430/lib/mcpu-430x/mmpy-16/msr20/mc20/md20/libc.a(sprintf.o)
 .any.text.sprintf
                0x00006b8e       0x20 /opt/mspgcc-4.7.2/lib/gcc/msp430/4.7.2/../../../../msp430/lib/mcpu-430x/mmpy-16/msr20/mc20/md20/libc.a(sprintf.o)
                0x00006b8e                sprintf
 .any.text.snprintf
                0x00006bae       0x20 /opt/mspgcc-4.7.2/lib/gcc/msp430/4.7.2/../../../../msp430/lib/mcpu-430x/mmpy-16/msr20/mc20/md20/libc.a(sprintf.o)
                0x00006bae                snprintf
 .any.text.print_field
                0x00006bce      0x170 /opt/mspgcc-4.7.2/lib/gcc/msp430/4.7.2/../../../../msp430/lib/mcpu-430x/mmpy-16/msr20/mc20/md20/libc.a(vuprintf.o)
 .any.text.vuprintf
                0x00006d3e      0x76c /opt/mspgcc-4.7.2/lib/gcc/msp430/4.7.2/../../../../msp430/lib/mcpu-430x/mmpy-16/msr20/mc20/md20/libc.a(vuprintf.o)
                0x00006d3e                vuprintf
 .any.text.puts
                0x000074aa       0x2e /opt/mspgcc-4.7.2/lib/gcc/msp430/4.7.2/../../../../msp430/lib/mcpu-430x/mmpy-16/msr20/mc20/md20/libc.a(puts.o)
                0x000074aa                puts
 .any.text.rand
                0x000074d8       0x2e /opt/mspgcc-4.7.2/lib/gcc/msp430/4.7.2/../../../../msp430/lib/mcpu-430x/mmpy-16/msr20/mc20/md20/libc.a(rand.o)
                0x000074d8                rand
 .any.text.srand
                0x00007506        0xe /opt/mspgcc-4.7.2/lib/gcc/msp430/4.7.2/../../../../msp430/lib/mcpu-430x/mmpy-16/msr20/mc20/md20/libc.a(rand.o)
                0x00007506                srand
 .any.text.strchr
                0x00007514       0x18 /opt/mspgcc-4.7.2/lib/gcc/msp430/4.7.2/../../../../msp430/lib/mcpu-430x/mmpy-16/msr20/mc20/md20/libc.a(strchr.o)
                0x00007514                strchr
 .any.text.memchr
                0x0000752c       0x1e /opt/mspgcc-4.7.2/lib/gcc/msp430/4.7.2/../../../../msp430/lib/mcpu-430x/mmpy-16/msr20/mc20/md20/libc.a(memchr.o)
                0x0000752c                memchr
 .any.text.strncmp
                0x0000754a       0x2a /opt/mspgcc-4.7.2/lib/gcc/msp430/4.7.2/../../../../msp430/lib/mcpu-430x/mmpy-16/msr20/mc20/md20/libc.a(strncmp.o)
                0x0000754a                strncmp
 .any.text.memcmp
                0x00007574       0x20 /opt/mspgcc-4.7.2/lib/gcc/msp430/4.7.2/../../../../msp430/lib/mcpu-430x/mmpy-16/msr20/mc20/md20/libc.a(memcmp.o)
                0x00007574                memcmp
 .any.text.strcpy
                0x00007594       0x18 /opt/mspgcc-4.7.2/lib/gcc/msp430/4.7.2/../../../../msp430/lib/mcpu-430x/mmpy-16/msr20/mc20/md20/libc.a(strcpy.o)
                0x00007594                strcpy
 .any.text.memcpy
                0x000075ac      0x194 /opt/mspgcc-4.7.2/lib/gcc/msp430/4.7.2/../../../../msp430/lib/mcpu-430x/mmpy-16/msr20/mc20/md20/libc.a(memcpy.o)
                0x000075ac                memcpy
 .any.text.memmove
                0x00007740      0x194 /opt/mspgcc-4.7.2/lib/gcc/msp430/4.7.2/../../../../msp430/lib/mcpu-430x/mmpy-16/msr20/mc20/md20/libc.a(memmove.o)
                0x00007740                memmove
 .any.text.memset
                0x000078d4       0x7c /opt/mspgcc-4.7.2/lib/gcc/msp430/4.7.2/../../../../msp430/lib/mcpu-430x/mmpy-16/msr20/mc20/md20/libc.a(memset.o)
                0x000078d4                memset
 .any.text.strlen
                0x00007950       0x14 /opt/mspgcc-4.7.2/lib/gcc/msp430/4.7.2/../../../../msp430/lib/mcpu-430x/mmpy-16/msr20/mc20/md20/libc.a(strlen.o)
                0x00007950                strlen
 .any.text.strstr
                0x00007964       0x40 /opt/mspgcc-4.7.2/lib/gcc/msp430/4.7.2/../../../../msp430/lib/mcpu-430x/mmpy-16/msr20/mc20/md20/libc.a(strstr.o)
                0x00007964                strstr

.rodata         0x000079a4      0x187
                0x000079a4                . = ALIGN (0x2)
 *(.rodata .rodata.* .gnu.linkonce.r.*)
 .rodata.uip_process
                0x000079a4       0x24 contiki-odin5438A.a(uip6.o)
 .rodata.dtls_handle_message
                0x000079c8       0x54 contiki-odin5438A.a(dtls.o)
 *(.near.rodata .near.rodata.*)
 .any.rodata    0x00007a1c        0x8 /opt/mspgcc-4.7.2/lib/gcc/msp430/4.7.2/mcpu-430x/mmpy-16/msr20/mc20/md20/libgcc.a(_thenan_sf.o)
                0x00007a1c                __thenan_sf
 .any.rodata    0x00007a24      0x100 /opt/mspgcc-4.7.2/lib/gcc/msp430/4.7.2/mcpu-430x/mmpy-16/msr20/mc20/md20/libgcc.a(_clz.o)
                0x00007a24                __clz_tab
 .any.rodata.vuprintf
                0x00007b24        0x7 /opt/mspgcc-4.7.2/lib/gcc/msp430/4.7.2/../../../../msp430/lib/mcpu-430x/mmpy-16/msr20/mc20/md20/libc.a(vuprintf.o)
                0x00007b2c                . = ALIGN (0x2)
                0x00007b2c                _etext = .

.data           0x00001c00      0x2ba load address 0x00007b2c
                0x00001c00                . = ALIGN (0x2)
                0x00001c00                __data_start = .
 *(.data .data.* .gnu.linkonce.d.*)
 .data          0x00001c00       0x10 boot-pub-manager.co
                0x00001c00                boot_pub_manager_server
 .data          0x00001c10       0x10 contiki-odin5438A.a(serial-line.o)
                0x00001c10                serial_line_process
 .data          0x00001c20       0x12 contiki-odin5438A.a(cc11xx.o)
                0x00001c20                cc11xx_process
 .data          0x00001c32       0x24 contiki-odin5438A.a(csma.o)
 .data          0x00001c56       0x10 contiki-odin5438A.a(etimer.o)
                0x00001c56                etimer_process
 .data          0x00001c66       0x10 contiki-odin5438A.a(ctimer.o)
                0x00001c66                ctimer_process
 .data          0x00001c76       0x24 contiki-odin5438A.a(queuebuf.o)
 .data          0x00001c9a       0x10 contiki-odin5438A.a(tcpip.o)
                0x00001c9a                tcpip_process
 .data          0x00001caa       0x24 contiki-odin5438A.a(uip-ds6-route.o)
 .data          0x00001cce       0x10 contiki-odin5438A.a(uip-ds6-nbr.o)
                0x00001cce                ds6_neighbors
 .data          0x00001cde       0x12 contiki-odin5438A.a(panatiki.o)
                0x00001cde                panatiki_process
 .data          0x00001cf0       0x31 contiki-odin5438A.a(eap-psk.o)
 *fill*         0x00001d21        0x1 00
 .data          0x00001d22       0x10 contiki-odin5438A.a(dtls.o)
                0x00001d22                dtls_retransmit_process
 .data          0x00001d32        0xc contiki-odin5438A.a(crypto.o)
 .data          0x00001d3e        0xc contiki-odin5438A.a(hmac.o)
 .data          0x00001d4a        0xc contiki-odin5438A.a(netq.o)
 .data          0x00001d56        0xc contiki-odin5438A.a(peer.o)
 .data          0x00001d62       0x10 contiki-odin5438A.a(er-coap-engine.)
                0x00001d62                coap_engine
 .data          0x00001d72        0xc contiki-odin5438A.a(er-coap-transac)
 .data          0x00001d7e        0xc contiki-odin5438A.a(er-coap-observe)
 .data          0x00001d8a       0x22 contiki-odin5438A.a(er-coap-res-wel)
                0x00001d8a                res_well_known_core
 .data          0x00001dac       0x18 contiki-odin5438A.a(er-coap-dtls.o)
 .data          0x00001dc4       0x10 contiki-odin5438A.a(rest-engine.o)
                0x00001dc4                rest_engine_process
 .data          0x00001dd4       0xce contiki-odin5438A.a(res-ezequiel-60)
                0x00001dd4                res_ezequiel_60000_4_Push
                0x00001df6                periodic_res_ezequiel_60000_4_Push
                0x00001e16                res_ezequiel_60000_3_Humedad
                0x00001e38                res_ezequiel_60000_2_Temperatura
                0x00001e5a                led
                0x00001e5e                res_ezequiel_60000_1_Led
                0x00001e80                res_ezequiel_60000_0_Button
 .data          0x00001ea2        0x4 contiki-odin5438A.a(msp430.o)
 .data          0x00001ea6        0xc contiki-odin5438A.a(nbr-table.o)
 .data          0x00001eb2        0x4 contiki-odin5438A.a(er-coap.o)
                0x00001eb2                coap_error_message
 *(.near.data .near.data.*)
                0x00001eb6                . = ALIGN (0x2)
                0x00001eb6                _edata = .
 .any.data.next
                0x00001eb6        0x4 /opt/mspgcc-4.7.2/lib/gcc/msp430/4.7.2/../../../../msp430/lib/mcpu-430x/mmpy-16/msr20/mc20/md20/libc.a(rand.o)
                0x00007b2c                __data_load_start = LOADADDR (.data)
                0x000002ba                __data_size = SIZEOF (.data)

.bss            0x00001eba     0x3594 load address 0x00007de6
                0x00001eba                __bss_start = .
 *(.bss .bss.*)
 .bss           0x00001eba       0x12 boot-pub-manager.co
 .bss           0x00001ecc      0x10c contiki-odin5438A.a(serial-line.o)
 .bss           0x00001fd8        0x8 contiki-odin5438A.a(uart1x.o)
 .bss           0x00001fe0      0x21c contiki-odin5438A.a(cc11xx.o)
                0x00001fe0                cc11xx_crc_errors
 .bss           0x000021fc        0x2 contiki-odin5438A.a(node-id.o)
                0x000021fc                node_id
 .bss           0x000021fe        0xc contiki-odin5438A.a(nullrdc.o)
 .bss           0x0000220a        0x2 contiki-odin5438A.a(framer-802154.o)
 .bss           0x0000220c       0xfc contiki-odin5438A.a(csma.o)
 .bss           0x00002308      0x15c contiki-odin5438A.a(process.o)
                0x00002308                process_current
                0x0000230c                process_list
 .bss           0x00002464        0x8 contiki-odin5438A.a(etimer.o)
 .bss           0x0000246c        0x6 contiki-odin5438A.a(ctimer.o)
 .bss           0x00002472        0x4 contiki-odin5438A.a(rtimer.o)
 .bss           0x00002476       0x96 contiki-odin5438A.a(packetbuf.o)
 .bss           0x0000250c      0x3da contiki-odin5438A.a(queuebuf.o)
 .bss           0x000028e6      0x346 contiki-odin5438A.a(sicslowpan.o)
 .bss           0x00002c2c       0x14 contiki-odin5438A.a(tcpip.o)
 .bss           0x00002c40      0x35c contiki-odin5438A.a(uip-ds6-route.o)
 .bss           0x00002f9c       0xd8 contiki-odin5438A.a(uip-ds6-nbr.o)
 .bss           0x00003074       0x22 contiki-odin5438A.a(uip-ds6.o)
 .bss           0x00003096       0x2a contiki-odin5438A.a(uip-nd6.o)
 .bss           0x000030c0        0x8 contiki-odin5438A.a(uip6.o)
                0x000030c0                uip_ext_opt_offset
                0x000030c1                uip_ext_len
                0x000030c2                uip_ext_bitmap
 .bss           0x000030c8       0x56 contiki-odin5438A.a(panatiki.o)
 .bss           0x0000311e       0x96 contiki-odin5438A.a(state-machine.o)
 .bss           0x000031b4       0xea contiki-odin5438A.a(eap-psk.o)
                0x000031b4                output
 .bss           0x0000329e       0xb0 contiki-odin5438A.a(aes.o)
 .bss           0x0000334e       0x9e contiki-odin5438A.a(dtls.o)
                0x0000334e                dtlsFinishedHandshake
 .bss           0x000033ec      0x3cc contiki-odin5438A.a(crypto.o)
 .bss           0x000037b8      0x3f6 contiki-odin5438A.a(hmac.o)
 .bss           0x00003bae        0x4 contiki-odin5438A.a(ccm.o)
 .bss           0x00003bb2      0x1dc contiki-odin5438A.a(netq.o)
 .bss           0x00003d8e      0x3a2 contiki-odin5438A.a(peer.o)
 .bss           0x00004130      0x134 contiki-odin5438A.a(er-coap-engine.)
 .bss           0x00004264      0x2a4 contiki-odin5438A.a(er-coap-transac)
 .bss           0x00004508       0x52 contiki-odin5438A.a(er-coap-observe)
 .bss           0x0000455a       0x26 contiki-odin5438A.a(er-coap-dtls.o)
 .bss           0x00004580        0x8 contiki-odin5438A.a(rest-engine.o)
 .bss           0x00004588        0xc contiki-odin5438A.a(res-ezequiel-60)
 .bss           0x00004594        0x4 contiki-odin5438A.a(msp430.o)
 .bss           0x00004598        0x1 contiki-odin5438A.a(watchdog.o)
                0x00004598                external_reset_byte
 *fill*         0x00004599        0x1 00
 .bss           0x0000459a        0xa contiki-odin5438A.a(flash.o)
 .bss           0x000045a4        0x8 contiki-odin5438A.a(clock.o)
 .bss           0x000045ac       0x5c contiki-odin5438A.a(nbr-table.o)
 .bss           0x00004608       0x14 contiki-odin5438A.a(uip-icmp6.o)
 .bss           0x0000461c        0x8 contiki-odin5438A.a(er-coap.o)
                0x0000461c                erbium_status_code
                0x0000461e                udp_conn
 *(.near.bss .near.bss.*)
 *(COMMON)
 COMMON         0x00004624      0x322 boot-pub-manager.co
                0x00004624                capabilityTokenLen
                0x00004626                capabilityToken
 COMMON         0x00004946        0x1 contiki-odin5438A.a(serial-line.o)
                0x00004946                serial_line_event_message
 *fill*         0x00004947        0x1 00
 COMMON         0x00004948       0x20 contiki-odin5438A.a(cc11xx.o)
                0x00004948                cc11xx_ctimer_watchdog
 COMMON         0x00004968        0x2 contiki-odin5438A.a(node-id.o)
                0x00004968                node_mac
 COMMON         0x0000496a        0x2 contiki-odin5438A.a(adc.o)
                0x0000496a                global_memory0
 COMMON         0x0000496c        0x2 contiki-odin5438A.a(rimeaddr.o)
                0x0000496c                rimeaddr_node_addr
 COMMON         0x0000496e        0x2 contiki-odin5438A.a(process.o)
                0x0000496e                process_maxevents
                0x0000496f                poll_requested
 COMMON         0x00004970       0x14 contiki-odin5438A.a(packetbuf.o)
                0x00004970                packetbuf_addrs
                0x00004974                packetbuf_attrs
 COMMON         0x00004984       0x20 contiki-odin5438A.a(sicslowpan.o)
                0x00004984                frag_sender
                0x00004986                addr_contexts
 COMMON         0x000049a4        0x1 contiki-odin5438A.a(tcpip.o)
                0x000049a4                tcpip_event
 *fill*         0x000049a5        0x1 00
 COMMON         0x000049a6      0x1e6 contiki-odin5438A.a(uip-ds6.o)
                0x000049a6                uip_ds6_if
                0x00004b10                uip_ds6_netif_addr_list_offset
                0x00004b11                uip_ds6_addr_size
                0x00004b12                uip_ds6_prefix_list
                0x00004b6c                uip_ds6_timer_periodic
                0x00004b7c                uip_ds6_timer_rs
 COMMON         0x00004b8c      0x468 contiki-odin5438A.a(uip6.o)
                0x00004b8c                uip_len
                0x00004b8e                uip_sappdata
                0x00004b92                uip_lladdr
                0x00004b94                uip_aligned_buf
                0x00004eb4                uip_flags
                0x00004eb6                uip_next_hdr
                0x00004eba                uip_udp_conn
                0x00004ebe                uip_appdata
                0x00004ec2                uip_conn
                0x00004ec6                uip_slen
                0x00004ec8                uip_udp_conns
 COMMON         0x00004ff4      0x42e contiki-odin5438A.a(panatiki.o)
                0x00004ff4                pac_nonce
                0x00004ffc                key_id
                0x00005000                capabilitytoken_avp_len
                0x00005004                panaAnswer
                0x00005005                methodState
                0x00005006                paa_nonce
                0x0000500e                targetinfo_avp_len
                0x00005012                seq_number
                0x00005016                msk_key
                0x00005026                key_available
                0x00005027                state
                0x00005028                table
                0x0000504c                NONCE_SENT
                0x0000504e                actioninfo_avp_len
                0x00005052                decision
                0x00005053                open_action
                0x00005054                eapRespData
                0x000050b8                session_timeout
                0x000050bc                session_id
                0x000050c0                eapResp
                0x000050c1                lastId
                0x000050c2                eapNoResp
                0x000050c3                pan_msg
                0x000050eb                altAccept
                0x000050ec                altReject
                0x000050ed                eapReq
                0x000050ee                next_incom_request
                0x000050f2                eapRestart
                0x000050f3                eapSuccess
                0x000050f4                eapFail
                0x000050f5                pana_message
                0x000053e3                selectedMethod
                0x000053e4                eapKeyAvailable
                0x000053e6                next_paa_request
                0x000053ea                pana_auth_key
                0x000053fa                par_msg
 COMMON         0x00005422        0x3 contiki-odin5438A.a(eap-psk.o)
                0x00005422                aux
                0x00005424                it
 *fill*         0x00005425        0x1 00
 COMMON         0x00005426        0x4 contiki-odin5438A.a(dtls_time.o)
                0x00005426                dtls_clock_offset
 COMMON         0x0000542a       0x1a contiki-odin5438A.a(er-coap-dtls.o)
                0x0000542a                ctx
                0x0000542e                dtls_session
 COMMON         0x00005444        0x4 contiki-odin5438A.a(res-ezequiel-60)
                0x00005444                res_ezequiel_60000_0_Button_Counter
                0x00005448                . = ALIGN (0x2)
                0x00005448                __bss_end = .
 .any.bss.destination_
                0x00005448        0x4 /opt/mspgcc-4.7.2/lib/gcc/msp430/4.7.2/../../../../msp430/lib/mcpu-430x/mmpy-16/msr20/mc20/md20/libc.a(sprintf.o)
 .any.bss.available_
                0x0000544c        0x2 /opt/mspgcc-4.7.2/lib/gcc/msp430/4.7.2/../../../../msp430/lib/mcpu-430x/mmpy-16/msr20/mc20/md20/libc.a(sprintf.o)
                0x00003594                __bss_size = SIZEOF (.bss)

.noinit         0x0000544e        0x2 load address 0x00007de6
                0x0000544e                . = ALIGN (0x2)
                0x0000544e                __noinit_start = .
 *(.noinit .noinit.*)
 .noinit.crt0   0x0000544e        0x2 /opt/mspgcc-4.7.2/lib/gcc/msp430/4.7.2/mcpu-430x/mmpy-16/msr20/mc20/md20/libcrt0.a(__watchdog_support.o)
                0x0000544e                __wdt_clear_value
                0x00005450                . = ALIGN (0x2)
                0x00005450                __noinit_end = .
                0x00005450                . = ALIGN (0x2)
                0x00005450                _end = .

.infomem        0x00001800        0x0
                0x00001800                . = ALIGN (0x2)
 *(.infomem .infomem.*)

.infomemnobits  0x00001800        0x0
                0x00001800                . = ALIGN (0x2)
 *(.infomemnobits .infomemnobits.*)

.infoa          0x00001980        0x0
                0x00001980                . = ALIGN (0x2)
 *(.infoa .infoa.*)

.infob          0x00001900        0x0
                0x00001900                . = ALIGN (0x2)
 *(.infob .infob.*)

.infoc          0x00001880        0x0
                0x00001880                . = ALIGN (0x2)
 *(.infoc .infoc.*)

.infod          0x00001800        0x0
                0x00001800                . = ALIGN (0x2)
 *(.infod .infod.*)
                0x0000ffff                PROVIDE (__vte_0, 0xffff)
                0x0000ffff                PROVIDE (__vte_1, 0xffff)
                0x0000ffff                PROVIDE (__vte_2, 0xffff)
                0x0000ffff                PROVIDE (__vte_3, 0xffff)
                0x0000ffff                PROVIDE (__vte_4, 0xffff)
                0x0000ffff                PROVIDE (__vte_5, 0xffff)
                0x0000ffff                PROVIDE (__vte_6, 0xffff)
                0x0000ffff                PROVIDE (__vte_7, 0xffff)
                0x0000ffff                PROVIDE (__vte_8, 0xffff)
                0x0000ffff                PROVIDE (__vte_9, 0xffff)
                0x0000ffff                PROVIDE (__vte_10, 0xffff)
                0x0000ffff                PROVIDE (__vte_11, 0xffff)
                0x0000ffff                PROVIDE (__vte_12, 0xffff)
                0x0000ffff                PROVIDE (__vte_13, 0xffff)
                0x0000ffff                PROVIDE (__vte_14, 0xffff)
                0x0000ffff                PROVIDE (__vte_15, 0xffff)
                0x0000ffff                PROVIDE (__vte_16, 0xffff)
                0x0000ffff                PROVIDE (__vte_17, 0xffff)
                0x0000ffff                PROVIDE (__vte_18, 0xffff)
                0x0000ffff                PROVIDE (__vte_19, 0xffff)
                0x0000ffff                PROVIDE (__vte_20, 0xffff)
                0x0000ffff                PROVIDE (__vte_21, 0xffff)
                0x0000ffff                PROVIDE (__vte_22, 0xffff)
                0x0000ffff                PROVIDE (__vte_23, 0xffff)
                0x0000ffff                PROVIDE (__vte_24, 0xffff)
                0x0000ffff                PROVIDE (__vte_25, 0xffff)
                0x0000ffff                PROVIDE (__vte_26, 0xffff)
                0x0000ffff                PROVIDE (__vte_27, 0xffff)
                0x0000ffff                PROVIDE (__vte_28, 0xffff)
                0x0000ffff                PROVIDE (__vte_29, 0xffff)
                0x0000ffff                PROVIDE (__vte_30, 0xffff)
                0x0000ffff                PROVIDE (__vte_31, 0xffff)

.vectors        0x0000ff80       0x80
                0x0000ff80                __vectors_start = .
 *(.vectors*)
 .vectors       0x0000ff80       0x80 /opt/mspgcc-4.7.2/lib/gcc/msp430/4.7.2/mcpu-430x/mmpy-16/msr20/mc20/md20/crt0ivtbl64.o
                0x0000ff80                __ivtbl_64
                0x00010000                _vectors_end = .

.fartext        0x00010000        0x0
                0x00010000                . = ALIGN (0x2)
 *(.fartext .fartext.*)

.far.text       0x00010000    0x121ae
                0x00010000                . = ALIGN (0x2)
 *(.far.text .far.text.*)
 .far.text.clearEvent.5053
                0x00010000       0x20 boot-pub-manager.co
 .far.text.printf_color
                0x00010020       0x44 boot-pub-manager.co
 .far.text.process_thread_boot_pub_manager_server
                0x00010064      0x240 boot-pub-manager.co
 .far.text.process_thread_serial_line_process
                0x000102a4       0xc6 contiki-odin5438A.a(serial-line.o)
 .far.text.serial_line_input_byte
                0x0001036a       0x50 contiki-odin5438A.a(serial-line.o)
                0x0001036a                serial_line_input_byte
 .far.text.serial_line_init
                0x000103ba       0x1c contiki-odin5438A.a(serial-line.o)
                0x000103ba                serial_line_init
 .far.text.ringbuf_init
                0x000103d6       0x14 contiki-odin5438A.a(ringbuf.o)
                0x000103d6                ringbuf_init
 .far.text.ringbuf_put
                0x000103ea       0x44 contiki-odin5438A.a(ringbuf.o)
                0x000103ea                ringbuf_put
 .far.text.ringbuf_get
                0x0001042e       0x3a contiki-odin5438A.a(ringbuf.o)
                0x0001042e                ringbuf_get
 .far.text.uart1_set_input
                0x00010468        0x6 contiki-odin5438A.a(uart1x.o)
                0x00010468                uart1_set_input
 .far.text.uart1_writeb
                0x0001046e       0x18 contiki-odin5438A.a(uart1x.o)
                0x0001046e                uart1_writeb
 .far.text.uart1_init
                0x00010486       0x4a contiki-odin5438A.a(uart1x.o)
                0x00010486                uart1_init
 .far.text.pending_packet
                0x000104d0       0x10 contiki-odin5438A.a(cc11xx.o)
 .far.text.is_receiving
                0x000104e0       0x20 contiki-odin5438A.a(cc11xx.o)
 .far.text.cc11xx_rx_interrupt
                0x00010500      0x1b0 contiki-odin5438A.a(cc11xx.o)
                0x00010500                cc11xx_rx_interrupt
 .far.text.strobe
                0x000106b0       0x64 contiki-odin5438A.a(cc11xx.o)
 .far.text.STROBE_SWOR
                0x00010714        0xa contiki-odin5438A.a(cc11xx.o)
                0x00010714                STROBE_SWOR
 .far.text.burst_write
                0x0001071e       0x7e contiki-odin5438A.a(cc11xx.o)
 .far.text.single_write
                0x0001079c       0x74 contiki-odin5438A.a(cc11xx.o)
 .far.text.cc11xx_powerlevel_set
                0x00010810       0x34 contiki-odin5438A.a(cc11xx.o)
                0x00010810                cc11xx_powerlevel_set
 .far.text.burst_read
                0x00010844       0x7e contiki-odin5438A.a(cc11xx.o)
                0x00010844                burst_read
 .far.text.state
                0x000108c2       0x18 contiki-odin5438A.a(cc11xx.o)
 .far.text.check_txfifo
                0x000108da       0x18 contiki-odin5438A.a(cc11xx.o)
 .far.text.txbytes
                0x000108f2       0x56 contiki-odin5438A.a(cc11xx.o)
 .far.text.read_rxbytes
                0x00010948       0x56 contiki-odin5438A.a(cc11xx.o)
 .far.text.off  0x0001099e       0x8c contiki-odin5438A.a(cc11xx.o)
 .far.text.flushrx
                0x00010a2a       0xbc contiki-odin5438A.a(cc11xx.o)
                0x00010a2a                flushrx
 .far.text.read_packet
                0x00010ae6       0xc6 contiki-odin5438A.a(cc11xx.o)
 .far.text.process_thread_cc11xx_process
                0x00010bac       0x68 contiki-odin5438A.a(cc11xx.o)
 .far.text.prepare
                0x00010c14       0x30 contiki-odin5438A.a(cc11xx.o)
 .far.text.receiving_packet
                0x00010c44       0x40 contiki-odin5438A.a(cc11xx.o)
 .far.text.on   0x00010c84       0x5c contiki-odin5438A.a(cc11xx.o)
 .far.text.channel_clear
                0x00010ce0       0x7e contiki-odin5438A.a(cc11xx.o)
 .far.text.write_txfifo
                0x00010d5e      0x100 contiki-odin5438A.a(cc11xx.o)
 .far.text.transmit
                0x00010e5e      0x140 contiki-odin5438A.a(cc11xx.o)
 .far.text.cc11xx_send_packet
                0x00010f9e       0x1c contiki-odin5438A.a(cc11xx.o)
                0x00010f9e                cc11xx_send_packet
 .far.text.input_byte
                0x00010fba      0x37e contiki-odin5438A.a(cc11xx.o)
 .far.text.init_global_variables
                0x00011338       0x32 contiki-odin5438A.a(cc11xx.o)
                0x00011338                init_global_variables
 .far.text.calibrate_manual
                0x0001136a      0x1a0 contiki-odin5438A.a(cc11xx.o)
                0x0001136a                calibrate_manual
 .far.text.cc11xx_config_freq
                0x0001150a      0x162 contiki-odin5438A.a(cc11xx.o)
                0x0001150a                cc11xx_config_freq
 .far.text.init
                0x0001166c      0x860 contiki-odin5438A.a(cc11xx.o)
 .far.text.cc11xx_ctimer_watchdog_handle
                0x00011ecc        0x6 contiki-odin5438A.a(cc11xx.o)
 .far.text.cc1120_arch_spi_enable
                0x00011ed2       0x12 contiki-odin5438A.a(cc1120-msp-arch)
                0x00011ed2                cc1120_arch_spi_enable
 .far.text.cc1120_arch_spi_disable
                0x00011ee4        0x6 contiki-odin5438A.a(cc1120-msp-arch)
                0x00011ee4                cc1120_arch_spi_disable
 .far.text.cc1120_arch_spi_rw_byte
                0x00011eea       0x54 contiki-odin5438A.a(cc1120-msp-arch)
                0x00011eea                cc1120_arch_spi_rw_byte
 .far.text.cc1120_arch_spi_rw
                0x00011f3e      0x114 contiki-odin5438A.a(cc1120-msp-arch)
                0x00011f3e                cc1120_arch_spi_rw
 .far.text.cc1120_arch_init
                0x00012052       0x46 contiki-odin5438A.a(cc1120-msp-arch)
                0x00012052                cc1120_arch_init
 .far.text.cc1120_arch_interrupt_enable
                0x00012098        0xe contiki-odin5438A.a(cc1120-msp-arch)
                0x00012098                cc1120_arch_interrupt_enable
 .far.text.node_id_restore
                0x000120a6       0x1c contiki-odin5438A.a(node-id.o)
                0x000120a6                node_id_restore
 .far.text.node_id_burn
                0x000120c2       0x26 contiki-odin5438A.a(node-id.o)
                0x000120c2                node_id_burn
 .far.text.node_id_init
                0x000120e8       0x28 contiki-odin5438A.a(node-id.o)
                0x000120e8                node_id_init
 .far.text.rtc_initCounter
                0x00012110       0x3e contiki-odin5438A.a(rtc-clock.o)
                0x00012110                rtc_initCounter
 .far.text.adc_stop
                0x0001214e       0x44 contiki-odin5438A.a(adc.o)
                0x0001214e                adc_stop
 .far.text.adc_configure
                0x00012192       0xc0 contiki-odin5438A.a(adc.o)
                0x00012192                adc_configure
 .far.text.adc_read
                0x00012252      0x106 contiki-odin5438A.a(adc.o)
                0x00012252                adc_read
 .far.text.adc_get_random_seed
                0x00012358       0x46 contiki-odin5438A.a(adc.o)
                0x00012358                adc_get_random_seed
 .far.text.rimeaddr_copy
                0x0001239e        0xc contiki-odin5438A.a(rimeaddr.o)
                0x0001239e                rimeaddr_copy
 .far.text.rimeaddr_cmp
                0x000123aa       0x12 contiki-odin5438A.a(rimeaddr.o)
                0x000123aa                rimeaddr_cmp
 .far.text.rimeaddr_set_node_addr
                0x000123bc        0xc contiki-odin5438A.a(rimeaddr.o)
                0x000123bc                rimeaddr_set_node_addr
 .far.text.field_len
                0x000123c8       0xa4 contiki-odin5438A.a(frame802154.o)
 .far.text.frame802154_hdrlen
                0x0001246c       0x2e contiki-odin5438A.a(frame802154.o)
                0x0001246c                frame802154_hdrlen
 .far.text.frame802154_create
                0x0001249a      0x16e contiki-odin5438A.a(frame802154.o)
                0x0001249a                frame802154_create
 .far.text.frame802154_parse
                0x00012608      0x1bc contiki-odin5438A.a(frame802154.o)
                0x00012608                frame802154_parse
 .far.text.on   0x000127c4        0x6 contiki-odin5438A.a(nullrdc.o)
 .far.text.channel_check_interval
                0x000127ca        0x4 contiki-odin5438A.a(nullrdc.o)
 .far.text.init
                0x000127ce        0x6 contiki-odin5438A.a(nullrdc.o)
 .far.text.off  0x000127d4       0x10 contiki-odin5438A.a(nullrdc.o)
 .far.text.packet_input
                0x000127e4       0xb8 contiki-odin5438A.a(nullrdc.o)
 .far.text.send_one_packet
                0x0001289c      0x110 contiki-odin5438A.a(nullrdc.o)
 .far.text.send_list
                0x000129ac       0x28 contiki-odin5438A.a(nullrdc.o)
 .far.text.send_packet
                0x000129d4        0x6 contiki-odin5438A.a(nullrdc.o)
 .far.text.mac_call_sent_callback
                0x000129da       0x14 contiki-odin5438A.a(mac.o)
                0x000129da                mac_call_sent_callback
 .far.text.create
                0x000129ee       0xfc contiki-odin5438A.a(framer-802154.o)
 .far.text.parse
                0x00012aea       0xb2 contiki-odin5438A.a(framer-802154.o)
 .far.text.default_timebase
                0x00012b9c       0x16 contiki-odin5438A.a(csma.o)
 .far.text.input_packet
                0x00012bb2        0x6 contiki-odin5438A.a(csma.o)
 .far.text.on   0x00012bb8        0x6 contiki-odin5438A.a(csma.o)
 .far.text.off  0x00012bbe        0x6 contiki-odin5438A.a(csma.o)
 .far.text.channel_check_interval
                0x00012bc4       0x10 contiki-odin5438A.a(csma.o)
 .far.text.init
                0x00012bd4       0x1a contiki-odin5438A.a(csma.o)
 .far.text.transmit_packet_list
                0x00012bee       0x24 contiki-odin5438A.a(csma.o)
 .far.text.free_packet
                0x00012c12       0x86 contiki-odin5438A.a(csma.o)
 .far.text.packet_sent
                0x00012c98      0x158 contiki-odin5438A.a(csma.o)
 .far.text.send_packet
                0x00012df0      0x178 contiki-odin5438A.a(csma.o)
 .far.text.call_process
                0x00012f68       0x42 contiki-odin5438A.a(process.o)
 .far.text.exit_process
                0x00012faa       0x8e contiki-odin5438A.a(process.o)
 .far.text.do_poll
                0x00013038       0x32 contiki-odin5438A.a(process.o)
 .far.text.process_alloc_event
                0x0001306a       0x12 contiki-odin5438A.a(process.o)
                0x0001306a                process_alloc_event
 .far.text.process_exit
                0x0001307c        0xa contiki-odin5438A.a(process.o)
                0x0001307c                process_exit
 .far.text.process_init
                0x00013086       0x26 contiki-odin5438A.a(process.o)
                0x00013086                process_init
 .far.text.process_run
                0x000130ac       0xec contiki-odin5438A.a(process.o)
                0x000130ac                process_run
 .far.text.process_nevents
                0x00013198       0x10 contiki-odin5438A.a(process.o)
                0x00013198                process_nevents
 .far.text.process_post
                0x000131a8       0x98 contiki-odin5438A.a(process.o)
                0x000131a8                process_post
 .far.text.process_post_synch
                0x00013240       0x12 contiki-odin5438A.a(process.o)
                0x00013240                process_post_synch
 .far.text.process_start
                0x00013252       0x36 contiki-odin5438A.a(process.o)
                0x00013252                process_start
 .far.text.process_poll
                0x00013288       0x1a contiki-odin5438A.a(process.o)
                0x00013288                process_poll
 .far.text.autostart_start
                0x000132a2       0x2e contiki-odin5438A.a(autostart.o)
                0x000132a2                autostart_start
 .far.text.memb_init
                0x000132d0       0x3a contiki-odin5438A.a(memb.o)
                0x000132d0                memb_init
 .far.text.memb_alloc
                0x0001330a       0x5c contiki-odin5438A.a(memb.o)
                0x0001330a                memb_alloc
 .far.text.memb_free
                0x00013366       0x5e contiki-odin5438A.a(memb.o)
                0x00013366                memb_free
 .far.text.memb_inmemb
                0x000133c4       0x3e contiki-odin5438A.a(memb.o)
                0x000133c4                memb_inmemb
 .far.text.timer_set
                0x00013402       0x1c contiki-odin5438A.a(timer.o)
                0x00013402                timer_set
 .far.text.timer_restart
                0x0001341e       0x14 contiki-odin5438A.a(timer.o)
                0x0001341e                timer_restart
 .far.text.timer_expired
                0x00013432       0x2a contiki-odin5438A.a(timer.o)
                0x00013432                timer_expired
 .far.text.list_init
                0x0001345c        0x8 contiki-odin5438A.a(list.o)
                0x0001345c                list_init
 .far.text.list_head
                0x00013464        0x4 contiki-odin5438A.a(list.o)
                0x00013464                list_head
 .far.text.list_tail
                0x00013468       0x12 contiki-odin5438A.a(list.o)
                0x00013468                list_tail
 .far.text.list_pop
                0x0001347a       0x10 contiki-odin5438A.a(list.o)
                0x0001347a                list_pop
 .far.text.list_remove
                0x0001348a       0x36 contiki-odin5438A.a(list.o)
                0x0001348a                list_remove
 .far.text.list_push
                0x000134c0       0x18 contiki-odin5438A.a(list.o)
                0x000134c0                list_push
 .far.text.list_add
                0x000134d8       0x28 contiki-odin5438A.a(list.o)
                0x000134d8                list_add
 .far.text.list_length
                0x00013500       0x10 contiki-odin5438A.a(list.o)
                0x00013500                list_length
 .far.text.list_insert
                0x00013510       0x18 contiki-odin5438A.a(list.o)
                0x00013510                list_insert
 .far.text.list_item_next
                0x00013528        0xc contiki-odin5438A.a(list.o)
                0x00013528                list_item_next
 .far.text.update_time
                0x00013534       0x7a contiki-odin5438A.a(etimer.o)
 .far.text.etimer_request_poll
                0x000135ae        0xa contiki-odin5438A.a(etimer.o)
                0x000135ae                etimer_request_poll
 .far.text.process_thread_etimer_process
                0x000135b8       0xd0 contiki-odin5438A.a(etimer.o)
 .far.text.add_timer
                0x00013688       0x48 contiki-odin5438A.a(etimer.o)
 .far.text.etimer_set
                0x000136d0       0x12 contiki-odin5438A.a(etimer.o)
                0x000136d0                etimer_set
 .far.text.etimer_restart
                0x000136e2       0x12 contiki-odin5438A.a(etimer.o)
                0x000136e2                etimer_restart
 .far.text.etimer_expired
                0x000136f4       0x10 contiki-odin5438A.a(etimer.o)
                0x000136f4                etimer_expired
 .far.text.etimer_pending
                0x00013704        0xe contiki-odin5438A.a(etimer.o)
                0x00013704                etimer_pending
 .far.text.etimer_next_expiration_time
                0x00013712       0x1c contiki-odin5438A.a(etimer.o)
                0x00013712                etimer_next_expiration_time
 .far.text.etimer_stop
                0x0001372e       0x44 contiki-odin5438A.a(etimer.o)
                0x0001372e                etimer_stop
 .far.text.process_thread_ctimer_process
                0x00013772       0xa8 contiki-odin5438A.a(ctimer.o)
 .far.text.ctimer_init
                0x0001381a       0x1a contiki-odin5438A.a(ctimer.o)
                0x0001381a                ctimer_init
 .far.text.ctimer_set
                0x00013834       0x5c contiki-odin5438A.a(ctimer.o)
                0x00013834                ctimer_set
 .far.text.ctimer_restart
                0x00013890       0x3e contiki-odin5438A.a(ctimer.o)
                0x00013890                ctimer_restart
 .far.text.ctimer_stop
                0x000138ce       0x2e contiki-odin5438A.a(ctimer.o)
                0x000138ce                ctimer_stop
 .far.text.rtimer_init
                0x000138fc        0x6 contiki-odin5438A.a(rtimer.o)
                0x000138fc                rtimer_init
 .far.text.rtimer_run_next
                0x00013902       0x28 contiki-odin5438A.a(rtimer.o)
                0x00013902                rtimer_run_next
 .far.text.random_init
                0x0001392a        0x6 contiki-odin5438A.a(random.o)
                0x0001392a                random_init
 .far.text.random_rand
                0x00013930        0x6 contiki-odin5438A.a(random.o)
                0x00013930                random_rand
 .far.text.netstack_init
                0x00013936       0x12 contiki-odin5438A.a(netstack.o)
                0x00013936                netstack_init
 .far.text.packetbuf_copyto_hdr
                0x00013948       0x28 contiki-odin5438A.a(packetbuf.o)
                0x00013948                packetbuf_copyto_hdr
 .far.text.packetbuf_copyto
                0x00013970       0x74 contiki-odin5438A.a(packetbuf.o)
                0x00013970                packetbuf_copyto
 .far.text.packetbuf_hdrreduce
                0x000139e4       0x20 contiki-odin5438A.a(packetbuf.o)
                0x000139e4                packetbuf_hdrreduce
 .far.text.packetbuf_set_datalen
                0x00013a04        0x8 contiki-odin5438A.a(packetbuf.o)
                0x00013a04                packetbuf_set_datalen
 .far.text.packetbuf_dataptr
                0x00013a0c       0x1e contiki-odin5438A.a(packetbuf.o)
                0x00013a0c                packetbuf_dataptr
 .far.text.packetbuf_hdrptr
                0x00013a2a       0x16 contiki-odin5438A.a(packetbuf.o)
                0x00013a2a                packetbuf_hdrptr
 .far.text.packetbuf_is_reference
                0x00013a40       0x10 contiki-odin5438A.a(packetbuf.o)
                0x00013a40                packetbuf_is_reference
 .far.text.packetbuf_reference_ptr
                0x00013a50        0x6 contiki-odin5438A.a(packetbuf.o)
                0x00013a50                packetbuf_reference_ptr
 .far.text.packetbuf_datalen
                0x00013a56        0x8 contiki-odin5438A.a(packetbuf.o)
                0x00013a56                packetbuf_datalen
 .far.text.packetbuf_totlen
                0x00013a5e       0x14 contiki-odin5438A.a(packetbuf.o)
                0x00013a5e                packetbuf_totlen
 .far.text.packetbuf_hdralloc
                0x00013a72       0x2e contiki-odin5438A.a(packetbuf.o)
                0x00013a72                packetbuf_hdralloc
 .far.text.packetbuf_attr_clear
                0x00013aa0       0x44 contiki-odin5438A.a(packetbuf.o)
                0x00013aa0                packetbuf_attr_clear
 .far.text.packetbuf_clear
                0x00013ae4       0x22 contiki-odin5438A.a(packetbuf.o)
                0x00013ae4                packetbuf_clear
 .far.text.packetbuf_copyfrom
                0x00013b06       0x2c contiki-odin5438A.a(packetbuf.o)
                0x00013b06                packetbuf_copyfrom
 .far.text.packetbuf_attr_copyto
                0x00013b32       0x20 contiki-odin5438A.a(packetbuf.o)
                0x00013b32                packetbuf_attr_copyto
 .far.text.packetbuf_attr_copyfrom
                0x00013b52       0x22 contiki-odin5438A.a(packetbuf.o)
                0x00013b52                packetbuf_attr_copyfrom
 .far.text.queuebuf_init